  ✓  git hooks configured

  ✓  pre-commit             enabled 
  ✓  commit-msg             disabled
  ✓  pre-push               disabled
  ✓  post-commit            disabled
  ✓  prepare-commit-msg     disabled
  ✓  post-merge             disabled
  ✓  bootstrap created
  ✓  .githooks/bootstrap.hooks created
  ✓  .git-std.toml updated
  ✓  .agents/skills/std-commit/SKILL.md → ../../skills/std-commit.md created
  ✓  .claude/skills/std-commit → .agents/skills/std-commit created
  ✓  .agents/skills/std-bump/SKILL.md → ../../skills/std-bump.md created
  ✓  .claude/skills/std-bump → .agents/skills/std-bump created
