  pre-commit (collect mode) [disabled]:
    (no commands)

  commit-msg (fail-fast mode) [disabled]:
    (no commands)

  pre-push (fail-fast mode) [disabled]:
    ! cargo build --workspace
    ! [delete] check-ref-policy

  post-commit (collect mode) [disabled]:
    (no commands)

  prepare-commit-msg (collect mode) [disabled]:
    (no commands)

  post-merge (collect mode) [disabled]:
    (no commands)
