  pre-commit (collect mode) [disabled]:
      dprint check
      cargo clippy --workspace -- -D warnings       *.rs

  commit-msg (fail-fast mode) [disabled]:
    (no commands)

  pre-push (fail-fast mode) [disabled]:
    (no commands)

  post-commit (collect mode) [disabled]:
    (no commands)

  prepare-commit-msg (collect mode) [disabled]:
    (no commands)

  post-merge (collect mode) [disabled]:
    (no commands)
