[{"schema_version":"1.0.0","tool_version":"[VERSION]","status":"finding","valid":false,"errors":["Missing type in the commit summary, expected `type: description`"],"diagnostics":[{"code":"GITSTD-COMMIT-PARSE","severity":"error","message":"Missing type in the commit summary, expected `type: description`"}]},{"schema_version":"1.0.0","tool_version":"[VERSION]","status":"success","valid":true,"type":"fix","description":"valid one","breaking":false,"errors":[],"diagnostics":[]}]
